<?xml version="1.0" encoding="UTF-8"?>
<TestRun id="21b81bc4-3b5e-4038-b87f-d8092bbcbbd0" name="saeid@SAEID-PC 2012-09-28 21:27:32" runUser="saeid-PC\saeid" xmlns="http://microsoft.com/schemas/VisualStudio/TeamTest/2010">
  <TestSettings name="Local" id="f25fb7e2-1cee-4ddf-bd6e-ad7c3fd8e824">
    <Description>These are default test settings for a local test run.</Description>
    <Deployment enabled="false" runDeploymentRoot="saeid_SAEID-PC 2012-09-28 21_27_32">
      <DeploymentItem filename="C:\projects\Partitions\partition1\projects\DesignPattern\Console_DP\bin\Debug\Console_DP.exe" />
    </Deployment>
    <Execution>
      <TestTypeSpecific />
      <AgentRule name="Execution Agents">
      </AgentRule>
    </Execution>
  </TestSettings>
  <Times creation="2012-09-28T21:27:32.5644292-07:00" queuing="2012-09-28T21:27:33.7284957-07:00" start="2012-09-28T21:27:33.8325017-07:00" finish="2012-09-28T21:27:34.4085346-07:00" />
  <ResultSummary outcome="Completed">
    <Counters total="1" executed="1" passed="1" error="0" failed="0" timeout="0" aborted="0" inconclusive="0" passedButRunAborted="0" notRunnable="0" notExecuted="0" disconnected="0" warning="0" completed="0" inProgress="0" pending="0" />
  </ResultSummary>
  <TestDefinitions>
    <UnitTest name="FirstTest" storage="c:\projects\partitions\partition1\projects\designpattern\console_dp.test\bin\debug\console_dp.test.dll" id="27b2e000-6ad9-6af5-0c67-2b85b164a1fc">
      <Execution id="1f0607b6-f8d5-4b76-90b9-99b30b2cf99e" />
      <TestMethod codeBase="C:/projects/Partitions/partition1/projects/DesignPattern/Console_DP.Test/bin/Debug/Console_DP.Test.DLL" adapterTypeName="Microsoft.VisualStudio.TestTools.TestTypes.Unit.UnitTestAdapter, Microsoft.VisualStudio.QualityTools.Tips.UnitTest.Adapter, Version=10.0.0.0, Culture=neutral, PublicKeyToken=b03f5f7f11d50a3a" className="Console_DP.Test.UnitTest1, Console_DP.Test, Version=1.0.0.0, Culture=neutral, PublicKeyToken=null" name="FirstTest" />
    </UnitTest>
  </TestDefinitions>
  <TestLists>
    <TestList name="Results Not in a List" id="8c84fa94-04c1-424b-9868-57a2d4851a1d" />
    <TestList name="All Loaded Results" id="19431567-8539-422a-85d7-44ee4e166bda" />
  </TestLists>
  <TestEntries>
    <TestEntry testId="27b2e000-6ad9-6af5-0c67-2b85b164a1fc" executionId="1f0607b6-f8d5-4b76-90b9-99b30b2cf99e" testListId="8c84fa94-04c1-424b-9868-57a2d4851a1d" />
  </TestEntries>
  <Results>
    <UnitTestResult executionId="1f0607b6-f8d5-4b76-90b9-99b30b2cf99e" testId="27b2e000-6ad9-6af5-0c67-2b85b164a1fc" testName="FirstTest" computerName="SAEID-PC" duration="00:00:00.0607333" startTime="2012-09-28T21:27:33.8955053-07:00" endTime="2012-09-28T21:27:34.3715325-07:00" testType="13cdc9d9-ddb5-4fa4-a97d-d965ccfc6d4b" outcome="Passed" testListId="8c84fa94-04c1-424b-9868-57a2d4851a1d" relativeResultsDirectory="1f0607b6-f8d5-4b76-90b9-99b30b2cf99e">
    </UnitTestResult>
  </Results>
</TestRun>